// Jest Snapshot v1, https://goo.gl/fbAQLP

exports[`views/Start renders Start 1`] = `
<div>
  <div
    class="css-dv50ng"
  >
    <div
      class="css-1fq4wiq"
      height="100%"
    >
      <img
        alt="logo"
        class="css-1wixaj7"
        src="logo.svg"
      />
      <hr
        class="css-j1x5w3"
      />
      <p
        class="css-g2loao"
        color="persianBlue"
        font-family="default"
        font-size="small"
        font-weight="bold"
      >
        ditt digitala CV
      </p>
      <img
        alt="clouds"
        class="css-1d1a3ay"
        src="clouds.svg"
      />
      <a
        class="css-mn2lek"
        color="persianBlue"
        font-weight="500"
        href="/skapa-cv"
        mt="30"
        width="1"
      >
        <button
          class="css-11gcybv"
          font-family="default"
          font-size="medium"
          width="1"
        >
          Skapa CV
        </button>
      </a>
      <a
        class="css-1r48ynl"
        color="persianBlue"
        font-weight="500"
        href="/login"
        mt="10"
        width="1"
      >
        <button
          class="css-1xukb9o"
          font-family="default"
          font-size="medium"
          width="1"
        >
          Logga in med 
          <span
            class="css-1ijtdw3"
            font-family="default"
            font-size="medium"
            font-weight="700"
          >
            Egendata
          </span>
        </button>
      </a>
      <div
        class="css-fzs6az"
      >
        <img
          alt="info icon"
          src="info.svg"
        />
        <p
          class="css-17eikna"
          font-family="default"
          font-size="small"
        >
          Med Egendata får du kontroll över din data.
           
          <a
            class="css-1bcktkz"
            rel="noopener"
            target="_blank"
            text-decoration="underline"
          >
            Läs mer om hur det fungerar
          </a>
        </p>
      </div>
    </div>
  </div>
  <div
    class="css-bfkqop"
  >
    <h2
      class="css-1ukgmsw"
      color="black"
      font-family="default"
      font-size="24"
    >
      Hur fungerar det?
    </h2>
    <div>
      <h3
        class="css-1e75y3k"
        color="black"
        font-family="default"
        font-size="16"
        font-weight="bold"
      >
        Skapa din profil
      </h3>
      <p
        class="css-msqe90"
        color="black"
        font-family="default"
        font-size="small"
      >
        Svara på frågor om dig själv och skapa ditt CV.
      </p>
    </div>
    <div>
      <h3
        class="css-1e75y3k"
        color="black"
        font-family="default"
        font-size="16"
        font-weight="bold"
      >
        Lagra ditt CV
      </h3>
      <p
        class="css-msqe90"
        color="black"
        font-family="default"
        font-size="small"
      >
        Genom Egendata väljer du själv var ditt CV ska sparas.
      </p>
    </div>
    <div>
      <h3
        class="css-1e75y3k"
        color="black"
        font-family="default"
        font-size="16"
        font-weight="bold"
      >
        Spara tid
      </h3>
      <p
        class="css-msqe90"
        color="black"
        font-family="default"
        font-size="small"
      >
        Hämta och dela din information istället för att skapa ett nytt CV för varje jobbsökarsajt.
      </p>
    </div>
  </div>
</div>
`;
