// Jest Snapshot v1, https://goo.gl/fbAQLP

exports[`views/AddExperience renders empty result 1`] = `
<div>
  <div
    class="css-fhv5oa"
  >
    <input
      class="css-hn8wcy"
      font-family="default"
      font-size="medium"
      name="search"
      placeholder="Sök yrken"
    />
  </div>
</div>
`;
