// Jest Snapshot v1, https://goo.gl/fbAQLP

exports[`views/AddEducation renders empty result 1`] = `
<div>
  <form>
    <div
      class="css-fhv5oa"
    >
      <div />
      <input
        class="css-hn8wcy"
        font-family="default"
        font-size="medium"
        name="programme"
        placeholder="Program"
        type="text"
        value=""
      />
      <input
        class="css-hn8wcy"
        font-family="default"
        font-size="medium"
        name="school"
        placeholder="Skola"
        type="text"
        value=""
      />
      <input
        class="css-hn8wcy"
        font-family="default"
        font-size="medium"
        name="start"
        placeholder="Från"
        type="date"
        value=""
      />
      <input
        class="css-hn8wcy"
        font-family="default"
        font-size="medium"
        name="end"
        placeholder="Till"
        type="date"
        value=""
      />
      <button
        class="css-199cpun"
        font-family="default"
        font-size="medium"
        type="submit"
      >
        Lägg till
      </button>
    </div>
  </form>
  <a
    href="/skapa-cv/"
  >
    <button
      class="css-bmiqs"
      font-family="default"
      font-size="medium"
    >
      Nästa
    </button>
  </a>
</div>
`;
