// Jest Snapshot v1, https://goo.gl/fbAQLP

exports[`views/ChooseProfession renders empty result 1`] = `
<div>
  <div
    class="css-taq4a0"
    height="100vh"
  >
    <nav
      class="css-208zbf"
    >
      <div
        class="css-qwpu0i"
      >
        <div
          role="button"
          tabindex="0"
        >
          <img
            alt="Go back"
            src="navigation_arrow.svg"
          />
        </div>
        <div
          class="css-19krx55"
        >
          <div
            class="css-njydrf"
          />
          <div
            class="css-1fl5aa0"
          />
          <div
            class="css-1fl5aa0"
          />
          <div
            class="css-1fl5aa0"
          />
          <div
            class="css-1fl5aa0"
          />
          <div
            class="css-1fl5aa0"
          />
        </div>
      </div>
      YRKE
    </nav>
    <div
      class="css-1vzknnt"
    >
      <div
        class="css-1evk3il"
      >
        <img
          alt="Resväska"
          src="suitcase.svg"
        />
        <h1
          class="css-2k4f6t"
          color="persianBlue"
          font-family="default"
          font-size="small,medium,large"
          font-weight="600"
        >
          Vad vill du jobba med?
        </h1>
      </div>
      <input
        class="css-1fqt7xj"
        font-family="default"
        font-size="medium"
        name="search"
        placeholder="Yrkesroll eller yrkesområde"
      />
      <div>
        Dina valda yrken:
      </div>
    </div>
    <div
      class="css-sibr1t"
    >
      <button
        class="css-lnfplo"
        font-family="default"
        font-size="medium"
      >
        Fortsätt
      </button>
    </div>
  </div>
</div>
`;
