// Jest Snapshot v1, https://goo.gl/fbAQLP

exports[`views/ChooseProfession renders empty result 1`] = `
<div>
  <div
    class="css-475q7k"
    height="calc(var(--vh, 1vh) * 100)"
  >
    <nav
      class="css-208zbf"
    >
      <div
        class="css-199nci9"
      >
        <div
          class="css-17a5fux"
          role="button"
          tabindex="0"
        >
          <img
            alt="Go back"
            src="navigation_arrow.svg"
          />
        </div>
        <div
          class="css-1if0o7t"
        >
          <div
            class="css-njydrf"
          />
          <div
            class="css-1fl5aa0"
          />
          <div
            class="css-1fl5aa0"
          />
          <div
            class="css-1fl5aa0"
          />
          <div
            class="css-1fl5aa0"
          />
          <div
            class="css-1fl5aa0"
          />
        </div>
      </div>
      <p
        class="css-5fjnxu"
        font-family="default"
        font-size="small"
      >
        YRKE
      </p>
    </nav>
    <div
      class="css-vddp5l"
    >
      <div
        class="css-7glqfz"
      >
        <div
          class="css-ycx9lx"
        >
          <img
            alt="Resväska"
            src="suitcase.svg"
          />
        </div>
        <h1
          class="css-jujqtm"
          color="black"
          font-family="default"
          font-size="large"
          font-weight="600"
        >
          Vad vill du jobba med?
        </h1>
      </div>
      <div
        aria-expanded="false"
        aria-haspopup="listbox"
        aria-labelledby="downshift-0-label"
        role="combobox"
      >
        <input
          aria-autocomplete="list"
          aria-labelledby="downshift-0-label"
          autocomplete="off"
          class="css-o1oxsk"
          font-family="default"
          font-size="medium"
          id="downshift-0-input"
          name="search"
          placeholder="Yrkesroll eller yrkesområde"
          value=""
        />
      </div>
      <div>
        Ditt valda yrke:
      </div>
    </div>
    <div
      class="css-5hfabl"
    >
      <button
        class="css-1qzvtil"
        font-family="default"
        font-size="medium"
      >
        Fortsätt
      </button>
    </div>
  </div>
</div>
`;
