// Jest Snapshot v1, https://goo.gl/fbAQLP

exports[`views/MatchSkills renders loading state 1`] = `
<div>
  <section
    class="layout css-pwfrln"
  >
    <nav
      class="css-zn5efa"
    >
      <div
        role="button"
        tabindex="0"
      >
        <img
          alt="Go back"
          src="navigation_arrow.svg"
        />
      </div>
      <div
        class="css-1q2lbmy"
      >
        <div
          class="css-1lvqd3g"
        />
        <div
          class="css-1lvqd3g"
        />
        <div
          class="css-181sygq"
        />
        <div
          class="css-181sygq"
        />
        <div
          class="css-181sygq"
        />
        <div
          class="css-181sygq"
        />
      </div>
    </nav>
    KOMPETENS
    <div
      style="margin-bottom: 2rem;"
    >
      Valda kompetenser:
    </div>
    
    <div
      class="sk-fading-circle css-rcik79"
    >
      <div
        class="sk-circle1 sk-circle"
      />
      <div
        class="sk-circle2 sk-circle"
      />
      <div
        class="sk-circle3 sk-circle"
      />
      <div
        class="sk-circle4 sk-circle"
      />
      <div
        class="sk-circle5 sk-circle"
      />
      <div
        class="sk-circle6 sk-circle"
      />
      <div
        class="sk-circle7 sk-circle"
      />
      <div
        class="sk-circle8 sk-circle"
      />
      <div
        class="sk-circle9 sk-circle"
      />
      <div
        class="sk-circle10 sk-circle"
      />
      <div
        class="sk-circle11 sk-circle"
      />
      <div
        class="sk-circle12 sk-circle"
      />
    </div>
    <div
      class="css-52ud0e"
    >
      <button
        class="css-lnfplo"
        font-family="default"
        font-size="medium"
      >
        Fortsätt
      </button>
    </div>
  </section>
</div>
`;
