// Jest Snapshot v1, https://goo.gl/fbAQLP

exports[`views/MatchSkills renders loading state 1`] = `
<div>
  <div
    class="css-15q7p9b"
    height="calc(var(--vh, 1vh) * 100)"
  >
    <nav
      class="css-208zbf"
    >
      <div
        class="css-nshvkv"
      >
        <div
          class="css-cn959j"
          role="button"
          tabindex="0"
        >
          <img
            alt="Go back"
            src="navigation_arrow.svg"
          />
        </div>
        <div
          class="css-1a620cz"
        >
          <div
            class="css-njydrf"
          />
          <div
            class="css-njydrf"
          />
          <div
            class="css-1fl5aa0"
          />
          <div
            class="css-1fl5aa0"
          />
          <div
            class="css-1fl5aa0"
          />
          <div
            class="css-1fl5aa0"
          />
        </div>
      </div>
      <p
        class="css-1wtsfx0"
        font-family="default"
        font-size="small"
      >
        KOMPETENS
      </p>
    </nav>
    <div
      class="css-13lzt9w"
    >
      
      <h1
        class="css-1h19gqr"
        color="black"
        font-family="default"
        font-size="large"
        font-weight="600"
      >
        Vilka är dina kompetenser?
      </h1>
      <span
        class="css-bhiavv"
        cursor="pointer"
        opacity="1"
        role="button"
        tabindex="0"
      >
        + Lägg till en kompetens
      </span>
      <div
        class="sk-fading-circle css-rcik79"
      >
        <div
          class="sk-circle1 sk-circle"
        />
        <div
          class="sk-circle2 sk-circle"
        />
        <div
          class="sk-circle3 sk-circle"
        />
        <div
          class="sk-circle4 sk-circle"
        />
        <div
          class="sk-circle5 sk-circle"
        />
        <div
          class="sk-circle6 sk-circle"
        />
        <div
          class="sk-circle7 sk-circle"
        />
        <div
          class="sk-circle8 sk-circle"
        />
        <div
          class="sk-circle9 sk-circle"
        />
        <div
          class="sk-circle10 sk-circle"
        />
        <div
          class="sk-circle11 sk-circle"
        />
        <div
          class="sk-circle12 sk-circle"
        />
      </div>
    </div>
    <div
      class="css-djo2sl"
    >
      <button
        class="css-1fyzulv"
        data-testid="okButton"
        font-family="default"
        font-size="medium"
      >
        Fortsätt
      </button>
    </div>
  </div>
</div>
`;
