// Jest Snapshot v1, https://goo.gl/fbAQLP

exports[`views/MatchSkills renders loading state 1`] = `
<div>
  <div
    class="css-15q7p9b"
    height="calc(var(--vh, 1vh) * 100)"
  >
    <nav
      class="css-208zbf"
    >
      <div
        class="css-188o47b"
      >
        <div
          class="css-2djru0"
          role="button"
          tabindex="0"
        >
          <img
            alt="Go back"
            src="navigation_arrow.svg"
          />
        </div>
        <div
          class="css-zei2do"
        >
          <div
            class="css-njydrf"
          />
          <div
            class="css-njydrf"
          />
          <div
            class="css-1fl5aa0"
          />
          <div
            class="css-1fl5aa0"
          />
          <div
            class="css-1fl5aa0"
          />
          <div
            class="css-1fl5aa0"
          />
        </div>
      </div>
      <p
        class="css-1d8t2vo"
        font-family="default"
        font-size="small"
      >
        KOMPETENS
      </p>
    </nav>
    <div
      class="css-16bqc7z"
    >
      <h1
        class="css-1jc8j5a"
        color="black"
        font-family="default"
        font-size="large"
        font-weight="600"
      >
        Vilka är dina kompetenser?
      </h1>
      <p
        class="css-njmd2e"
        font-family="default"
        font-size="small"
      >
        Ditt val av yrkesroll matchar ofta nedan föreslagna kompetenser. Markera dina eller lägg till egna.
      </p>
      <div
        class="css-17byi71"
        data-testid="tagList"
      />
      <span
        class="css-m5xupf"
        cursor="pointer"
        opacity="1"
        role="button"
        tabindex="0"
      >
        + Lägg till kompetens
      </span>
    </div>
    <div
      class="css-xyw5i4"
    >
      <button
        class="css-spuwu"
        data-testid="okButton"
        font-family="default"
        font-size="medium"
      >
        Fortsätt
      </button>
    </div>
  </div>
</div>
`;
