// Jest Snapshot v1, https://goo.gl/fbAQLP

exports[`components/Header renders Header component 1`] = `
<div>
  <div
    class="css-1ajnptj"
  >
    <h1
      class="css-1wgkuhd"
      color="persianBlue"
      font-family="default"
      font-size="small,medium,large"
      font-weight="600"
    >
      <a
        aria-current="page"
        class="css-3fr35d"
        color="persianBlue"
        font-weight="500"
        href="/"
      >
        MySkills
      </a>
    </h1>
  </div>
</div>
`;
