// Jest Snapshot v1, https://goo.gl/fbAQLP

exports[`components/Header renders Header component 1`] = `
<div>
  <div
    class="css-le8va"
  >
    <h1
      class="css-1qnn9o4"
      color="black"
      font-family="default"
      font-size="large"
      font-weight="600"
    >
      <a
        aria-current="page"
        class="css-z4cped"
        color="persianBlue"
        font-weight="500"
        href="/"
      >
        MySkills
      </a>
    </h1>
  </div>
</div>
`;
