// Jest Snapshot v1, https://goo.gl/fbAQLP

exports[`components/Header renders Header component 1`] = `
<div>
  <div
    class="css-ca74jw"
  >
    <h1
      class="css-1d2g964"
      color="white"
      font-family="default"
      font-size="small,medium,large"
    >
      MySkills
    </h1>
  </div>
</div>
`;
